---
source: packages/parser/tests/interpreter_test.rs
expression: value
input_file: packages/parser/fixtures/pds/7.pds
---
ApplyEmbedded(
    ApplyEmbedded {
        ident: Ident {
            ident: "@write",
        },
        expr: Reference(
            Ident {
                ident: "s",
            },
        ),
    },
)
