---
source: packages/parser/tests/interpreter_test.rs
expression: value
input_file: packages/parser/fixtures/pds/3.pds
---
()
