---
source: packages/parser/tests/pds_test.rs
expression: ast
input_file: packages/parser/fixtures/pds/1.pds
---
Pds(
    [
        Assign(
            Ident(
                "main",
            ),
            [],
            Literal(
                Text(
                    "test",
                ),
            ),
        ),
    ],
)
