---
source: packages/parser/tests/prose_down_test.rs
expression: ast
input_file: packages/parser/fixtures/prose-down/2.pd
---
Document {
    blocks: [],
}
