---
source: packages/parser/tests/prose_down_test.rs
expression: ast
input_file: packages/parser/fixtures/prose-down/1.pd
---
Document {
    blocks: [
        Paragraph(
        	aa
        ),
    ],
}
